../Core/Src/main.c:56:6:UartSendMessage	16	static
../Core/Src/main.c:61:6:JumpToApplication	16	static,ignoring_inline_asm
../Core/Src/main.c:76:6:JumpToAppWithAddress	32	static,ignoring_inline_asm
../Core/Src/main.c:92:6:HAL_UART_RxCpltCallback	16	static
../Core/Src/main.c:127:5:main	8	static
../Core/Src/main.c:182:6:SystemClock_Config	88	static
../Core/Src/main.c:228:13:MX_USART2_UART_Init	8	static
../Core/Src/main.c:262:13:MX_GPIO_Init	40	static
../Core/Src/main.c:292:6:Error_Handler	4	static,ignoring_inline_asm
